[2026-08-19T17:52:33Z] HEARTBEAT: Session initialized: glueball-single-electron-synthesis-17x900
[2026-08-19T22:20:17Z] HEARTBEAT: Document 1 complete: 901 lines
[2026-08-19T22:23:51Z] HEARTBEAT: Document 2 complete: 910 lines
[2026-08-19T22:29:21Z] HEARTBEAT: Document 3 complete: 966 lines
[2026-08-19T22:34:41Z] HEARTBEAT: Document 4 complete: 900 lines
[2026-08-19T22:37:34Z] HEARTBEAT: Document 5 complete: 952 lines
[2026-08-19T22:40:01Z] HEARTBEAT: Document 6 complete: 941 lines
[2026-08-19T22:47:08Z] HEARTBEAT: Document 7 complete: 976 lines
[2026-08-19T23:07:03Z] HEARTBEAT: Document 8 complete: 985 lines
[2026-08-19T23:17:37Z] HEARTBEAT: Document 9 complete: 892 lines
[2026-08-19T23:20:29Z] HEARTBEAT: Document 10 complete: 343 lines
[2026-08-19T23:22:11Z] HEARTBEAT: Document 11 complete: 335 lines
[2026-08-19T23:23:13Z] HEARTBEAT: Document 12 complete: 385 lines
[2026-08-19T23:24:48Z] HEARTBEAT: Document 13 complete: 428 lines
[2026-08-19T23:26:30Z] HEARTBEAT: Document 14 complete: 421 lines
[2026-08-19T23:26:40Z] HEARTBEAT: Document 15 complete: 750 lines
[2026-08-19T23:26:30Z] HEARTBEAT: Document 16 complete: 612 lines
[2026-08-19T23:26:40Z] HEARTBEAT: Document 17 complete: 440 lines
[2026-08-19T23:29:00Z] HEARTBEAT: All 17 documents pushed to GitHub
[2026-08-19T23:29:00Z] HEARTBEAT: Session finalized and pushed to GitHub
[2026-08-19T23:53:07Z] HEARTBEAT: Session initialized: glueball-single-electron-synthesis-17x900
[2026-08-19T23:53:07Z] HEARTBEAT: Resumed work at Document 17
[2026-08-19T23:53:07Z] HEARTBEAT: Creating Document 17: Synthesis_Conclusions
[2026-08-19T23:53:07Z] HEARTBEAT: Document 17 complete: 2 lines
[2026-08-19T23:53:07Z] HEARTBEAT: ALL 17 DOCUMENTS COMPLETE
[2026-08-19T23:53:07Z] HEARTBEAT: Finalizing session: creating archive and pushing to GitHub
[2026-08-19T23:53:07Z] HEARTBEAT: GitHub verification complete
[2026-08-19T23:53:07Z] HEARTBEAT: Session finalized and pushed to GitHub
