
[0;35m[1m🌍 EARTHBEAT v3 — Chamber Mode (4 specialized chambers)[0m

[0;36m[EARTHBEATv3][0m Starting 4 chambers: Schumann(3s) | Geomag(5s) | Solar(7s) | Integration(10s)
[0;36m[EARTHBEATv3][0m Chamber 1 (Schumann) started (PID: 8382)
[0;36m[EARTHBEATv3][0m Chamber 2 (Geomag) started (PID: 8386)
[0;36m[EARTHBEATv3][0m Chamber 3 (Solar) started (PID: 8390)
[0;36m[EARTHBEATv3][0m Chamber 4 (Integration) started (PID: 8400)
[0;36m[EARTHBEATv3][0m All 4 chambers running. Heartbeat: ♥=Schumann ♦=Geomag ♣=Solar ♠=Integration

[0;35m[1m🌍 EARTHBEAT v3 — Chamber Mode (4 specialized chambers)[0m

[0;36m[EARTHBEATv3][0m Starting 4 chambers: Schumann(3s) | Geomag(5s) | Solar(7s) | Integration(10s)
[0;36m[EARTHBEATv3][0m Chamber 1 (Schumann) started (PID: 8472)
[0;36m[EARTHBEATv3][0m Chamber 2 (Geomag) started (PID: 8478)
[0;36m[EARTHBEATv3][0m Chamber 3 (Solar) started (PID: 8484)
[0;36m[EARTHBEATv3][0m Chamber 4 (Integration) started (PID: 8493)
[0;36m[EARTHBEATv3][0m All 4 chambers running. Heartbeat: ♥=Schumann ♦=Geomag ♣=Solar ♠=Integration

[0;35m[1m🌍 EARTHBEAT v3 — Chamber Mode (4 specialized chambers)[0m

[0;36m[EARTHBEATv3][0m Starting 4 chambers: Schumann(3s) | Geomag(5s) | Solar(7s) | Integration(10s)
[0;36m[EARTHBEATv3][0m Chamber 1 (Schumann) started (PID: 10291)
[0;36m[EARTHBEATv3][0m Chamber 2 (Geomag) started (PID: 10294)
[0;36m[EARTHBEATv3][0m Chamber 3 (Solar) started (PID: 10303)
[0;36m[EARTHBEATv3][0m Chamber 4 (Integration) started (PID: 10309)
[0;36m[EARTHBEATv3][0m All 4 chambers running. Heartbeat: ♥=Schumann ♦=Geomag ♣=Solar ♠=Integration
