2026-10-04T01:15:43Z,chamber=1,focus=SCHUMANN,freq=7.74666,amp=0.930667,q=5.81503
2026-10-04T01:15:43Z,chamber=3,focus=SOLAR,speed=303.041,density=12.6847,bz=-5.73146,bt=11.7929,temp=211235
2026-10-04T01:15:43Z,chamber=2,focus=GEOMAG,X=19780.7,Y=-4961.57,Z=44942.5,F=48851.7
2026-10-04T01:15:43Z,chamber=4,focus=INTEGRATION,kp=8,e_field=0.000287236,risk=LOW
2026-10-04T01:15:43Z,chamber=1,focus=SCHUMANN,freq=7.89095,amp=1.23343,q=6.87213
2026-10-04T01:15:43Z,chamber=2,focus=GEOMAG,X=20002.6,Y=-4935.66,Z=44966.7,F=48966.8
2026-10-04T01:15:43Z,chamber=3,focus=SOLAR,speed=424.379,density=8.03228,bz=9.45665,bt=10.4092,temp=200019
2026-10-04T01:15:43Z,chamber=4,focus=INTEGRATION,kp=6,e_field=3.01201e-05,risk=LOW
2026-10-04T01:15:46Z,chamber=1,focus=SCHUMANN,freq=7.69122,amp=1.59452,q=6.87107
2026-10-04T01:15:46Z,chamber=1,focus=SCHUMANN,freq=7.7354,amp=1.47872,q=4.17344
2026-10-04T01:15:48Z,chamber=2,focus=GEOMAG,X=19750.4,Y=-4907.79,Z=44975.8,F=48875.5
2026-10-04T01:15:48Z,chamber=2,focus=GEOMAG,X=19882.8,Y=-5096.73,Z=45014,F=48945
2026-10-04T01:15:49Z,chamber=1,focus=SCHUMANN,freq=7.80071,amp=1.2795,q=3.49615
2026-10-04T01:15:49Z,chamber=1,focus=SCHUMANN,freq=7.94894,amp=1.67423,q=6.56553
2026-10-04T01:15:50Z,chamber=3,focus=SOLAR,speed=422.2,density=5.1699,bz=-4.25766,bt=8.22519,temp=190826
2026-10-04T01:15:50Z,chamber=3,focus=SOLAR,speed=383.616,density=2.08565,bz=-2.84162,bt=10.4713,temp=188188
2026-10-04T01:15:52Z,chamber=1,focus=SCHUMANN,freq=7.87715,amp=1.63867,q=6.99869
2026-10-04T01:15:52Z,chamber=1,focus=SCHUMANN,freq=7.82954,amp=1.27689,q=4.73676
2026-10-04T01:15:53Z,chamber=2,focus=GEOMAG,X=20009.2,Y=-4958.98,Z=44983.5,F=48982.6
2026-10-04T01:15:53Z,chamber=4,focus=INTEGRATION,kp=6,e_field=0.00016724,risk=LOW
2026-10-04T01:15:53Z,chamber=2,focus=GEOMAG,X=20020.9,Y=-5003.84,Z=44869.3,F=48877.9
2026-10-04T01:15:53Z,chamber=4,focus=INTEGRATION,kp=5,e_field=0.000581007,risk=LOW
2026-10-04T01:15:55Z,chamber=1,focus=SCHUMANN,freq=7.84751,amp=1.9869,q=6.29744
2026-10-04T01:15:55Z,chamber=1,focus=SCHUMANN,freq=7.86208,amp=2.42363,q=5.88755
2026-10-04T01:15:57Z,chamber=3,focus=SOLAR,speed=765.363,density=11.4302,bz=-6.67134,bt=6.55657,temp=82229.4
2026-10-04T01:15:57Z,chamber=3,focus=SOLAR,speed=457.032,density=19.3968,bz=-5.98787,bt=14.1095,temp=79936
2026-10-04T01:15:58Z,chamber=1,focus=SCHUMANN,freq=7.90115,amp=1.05164,q=3.58892
2026-10-04T01:15:58Z,chamber=2,focus=GEOMAG,X=20017.2,Y=-4906.66,Z=45035.9,F=49039.2
2026-10-04T01:15:58Z,chamber=2,focus=GEOMAG,X=20013.6,Y=-4971.54,Z=45048.3,F=49042.6
2026-10-04T01:15:58Z,chamber=1,focus=SCHUMANN,freq=7.94085,amp=1.95731,q=4.58646
2026-10-04T01:16:01Z,chamber=1,focus=SCHUMANN,freq=7.73501,amp=0.933157,q=4.1435
2026-10-04T01:16:01Z,chamber=1,focus=SCHUMANN,freq=7.88211,amp=0.613308,q=4.36324
2026-10-04T01:16:03Z,chamber=2,focus=GEOMAG,X=20074.9,Y=-4967.47,Z=45036.9,F=49057.6
2026-10-04T01:16:03Z,chamber=4,focus=INTEGRATION,kp=8,e_field=0.000266984,risk=LOW
2026-10-04T01:16:03Z,chamber=2,focus=GEOMAG,X=19773.1,Y=-4964.96,Z=44903,F=48811.9
2026-10-04T01:16:03Z,chamber=4,focus=INTEGRATION,kp=6,e_field=3.17818e-05,risk=LOW
2026-10-04T01:16:04Z,chamber=1,focus=SCHUMANN,freq=7.79158,amp=1.58346,q=5.72449
2026-10-04T01:16:04Z,chamber=3,focus=SOLAR,speed=715.241,density=19.5743,bz=-4.58836,bt=12.3913,temp=204772
2026-10-04T01:16:04Z,chamber=3,focus=SOLAR,speed=300.306,density=13.8435,bz=-8.47072,bt=3.99405,temp=191444
2026-10-04T01:16:04Z,chamber=1,focus=SCHUMANN,freq=7.81814,amp=2.33996,q=6.47222
2026-10-04T01:16:07Z,chamber=1,focus=SCHUMANN,freq=7.69504,amp=1.38643,q=4.29127
2026-10-04T01:16:07Z,chamber=1,focus=SCHUMANN,freq=7.74502,amp=2.35649,q=5.51967
2026-10-04T01:16:08Z,chamber=2,focus=GEOMAG,X=19807.6,Y=-4986.4,Z=45063,F=48970.9
2026-10-04T01:16:08Z,chamber=2,focus=GEOMAG,X=20180.9,Y=-4923.32,Z=45082.9,F=49147.7
2026-10-04T01:16:10Z,chamber=1,focus=SCHUMANN,freq=7.87852,amp=1.49294,q=5.74489
2026-10-04T01:16:10Z,chamber=1,focus=SCHUMANN,freq=7.70509,amp=2.03509,q=5.69175
2026-10-04T01:16:11Z,chamber=3,focus=SOLAR,speed=409.794,density=18.2204,bz=-0.601821,bt=2.78864,temp=155031
2026-10-04T01:16:12Z,chamber=3,focus=SOLAR,speed=543.947,density=18.3479,bz=-4.89634,bt=5.79771,temp=189509
2026-10-04T01:16:13Z,chamber=1,focus=SCHUMANN,freq=7.86731,amp=2.11247,q=4.83385
2026-10-04T01:16:13Z,chamber=2,focus=GEOMAG,X=19865.6,Y=-4954.85,Z=44856.6,F=48807.8
2026-10-04T01:16:13Z,chamber=4,focus=INTEGRATION,kp=5,e_field=0.000946882,risk=LOW
2026-10-04T01:16:13Z,chamber=2,focus=GEOMAG,X=19943.3,Y=-5056.42,Z=45087.3,F=49041.1
2026-10-04T01:16:13Z,chamber=1,focus=SCHUMANN,freq=7.85822,amp=1.18227,q=6.11299
2026-10-04T01:16:14Z,chamber=4,focus=INTEGRATION,kp=1,e_field=0.000161728,risk=LOW
2026-10-04T01:16:16Z,chamber=1,focus=SCHUMANN,freq=7.78725,amp=2.36331,q=6.86789
2026-10-04T01:16:17Z,chamber=1,focus=SCHUMANN,freq=7.74613,amp=1.77324,q=6.46996
2026-10-04T01:16:18Z,chamber=3,focus=SOLAR,speed=543.403,density=13.4242,bz=-9.49623,bt=1.09038,temp=195480
2026-10-04T01:16:18Z,chamber=2,focus=GEOMAG,X=19919.4,Y=-5066.21,Z=44965.3,F=48918.2
2026-10-04T01:16:18Z,chamber=2,focus=GEOMAG,X=20018.4,Y=-5021.39,Z=45024.1,F=49017.3
2026-10-04T01:16:19Z,chamber=3,focus=SOLAR,speed=788.962,density=2.34212,bz=6.18783,bt=7.11376,temp=160849
2026-10-04T01:16:19Z,chamber=1,focus=SCHUMANN,freq=7.8282,amp=1.92329,q=5.77752
2026-10-04T01:16:20Z,chamber=1,focus=SCHUMANN,freq=7.89349,amp=1.48229,q=4.26301
2026-10-04T01:16:22Z,chamber=1,focus=SCHUMANN,freq=7.70396,amp=2.17413,q=5.70488
2026-10-04T01:16:23Z,chamber=1,focus=SCHUMANN,freq=7.7855,amp=1.57433,q=5.95136
2026-10-04T01:16:23Z,chamber=2,focus=GEOMAG,X=20122.5,Y=-5047.37,Z=44876.7,F=48922
2026-10-04T01:16:24Z,chamber=2,focus=GEOMAG,X=19793.3,Y=-5080.41,Z=44982.4,F=48881.3
2026-10-04T01:16:24Z,chamber=4,focus=INTEGRATION,kp=2,e_field=0.000809125,risk=LOW
2026-10-04T01:16:24Z,chamber=4,focus=INTEGRATION,kp=5,e_field=0.000616271,risk=LOW
2026-10-04T01:16:25Z,chamber=3,focus=SOLAR,speed=772.334,density=10.0524,bz=6.18022,bt=2.58624,temp=200606
2026-10-04T01:16:25Z,chamber=1,focus=SCHUMANN,freq=7.91318,amp=1.46426,q=3.00872
2026-10-04T01:16:26Z,chamber=1,focus=SCHUMANN,freq=7.81941,amp=0.879185,q=5.58627
2026-10-04T01:16:26Z,chamber=3,focus=SOLAR,speed=591.066,density=3.10378,bz=3.29057,bt=14.0446,temp=116900
2026-10-04T01:16:28Z,chamber=1,focus=SCHUMANN,freq=7.95148,amp=0.988658,q=3.01769
2026-10-04T01:16:28Z,chamber=2,focus=GEOMAG,X=19750.1,Y=-4900.78,Z=45071,F=48963.7
2026-10-04T01:16:28Z,chamber=3,focus=SOLAR,speed=751.307,density=16.2527,bz=-4.79062,bt=2.0532,temp=150163
2026-10-04T01:16:28Z,chamber=4,focus=INTEGRATION,kp=5,e_field=0.00046836,risk=LOW
2026-10-04T01:16:28Z,chamber=1,focus=SCHUMANN,freq=7.6859,amp=1.65305,q=3.84352
2026-10-04T01:16:28Z,chamber=2,focus=GEOMAG,X=19912.1,Y=-5031.81,Z=45022.4,F=48971.3
2026-10-04T01:16:29Z,chamber=1,focus=SCHUMANN,freq=7.8826,amp=1.17963,q=6.72512
2026-10-04T01:16:29Z,chamber=2,focus=GEOMAG,X=20229.5,Y=-4954.92,Z=44933.9,F=49027.9
2026-10-04T01:16:31Z,chamber=1,focus=SCHUMANN,freq=7.70542,amp=2.20255,q=6.11342
2026-10-04T01:16:31Z,chamber=1,focus=SCHUMANN,freq=7.94979,amp=1.96847,q=3.89183
2026-10-04T01:16:32Z,chamber=1,focus=SCHUMANN,freq=7.83706,amp=0.866531,q=5.55694
2026-10-04T01:16:32Z,chamber=3,focus=SOLAR,speed=764.115,density=3.76817,bz=0.873534,bt=2.13646,temp=73038.5
2026-10-04T01:16:33Z,chamber=3,focus=SOLAR,speed=731.946,density=11.2352,bz=9.91057,bt=10.8326,temp=86961.3
2026-10-04T01:16:33Z,chamber=2,focus=GEOMAG,X=19943.4,Y=-5026.62,Z=45055.1,F=49014.6
2026-10-04T01:16:33Z,chamber=2,focus=GEOMAG,X=20163.2,Y=-4908.35,Z=45111.1,F=49167.8
2026-10-04T01:16:34Z,chamber=2,focus=GEOMAG,X=19844.7,Y=-4901.06,Z=45017.5,F=48952.7
2026-10-04T01:16:34Z,chamber=4,focus=INTEGRATION,kp=9,e_field=0.000380491,risk=LOW
2026-10-04T01:16:34Z,chamber=4,focus=INTEGRATION,kp=7,e_field=0.000552876,risk=LOW
2026-10-04T01:16:34Z,chamber=1,focus=SCHUMANN,freq=7.96783,amp=0.546941,q=3.32486
2026-10-04T01:16:34Z,chamber=1,focus=SCHUMANN,freq=7.70782,amp=1.45577,q=4.05712
2026-10-04T01:16:35Z,chamber=1,focus=SCHUMANN,freq=7.80922,amp=1.17193,q=6.8935
2026-10-04T01:16:35Z,chamber=3,focus=SOLAR,speed=360.063,density=5.69605,bz=-5.90302,bt=13.3062,temp=110601
2026-10-04T01:16:37Z,chamber=1,focus=SCHUMANN,freq=7.82306,amp=2.02999,q=6.94896
2026-10-04T01:16:37Z,chamber=1,focus=SCHUMANN,freq=7.84989,amp=1.28199,q=6.7172
2026-10-04T01:16:38Z,chamber=1,focus=SCHUMANN,freq=7.92124,amp=0.69932,q=5.0133
2026-10-04T01:16:38Z,chamber=2,focus=GEOMAG,X=19905.6,Y=-4988.75,Z=44929.5,F=48887.7
2026-10-04T01:16:38Z,chamber=4,focus=INTEGRATION,kp=8,e_field=0.00118444,risk=LOW
2026-10-04T01:16:38Z,chamber=2,focus=GEOMAG,X=20089.9,Y=-4962.64,Z=45111.2,F=49132.4
2026-10-04T01:16:39Z,chamber=2,focus=GEOMAG,X=20214.5,Y=-4937.98,Z=45023.5,F=49105.6
2026-10-04T01:16:39Z,chamber=3,focus=SOLAR,speed=426.819,density=16.3987,bz=-2.36416,bt=1.47614,temp=174269
2026-10-04T01:16:40Z,chamber=3,focus=SOLAR,speed=758.512,density=18.8358,bz=-0.932872,bt=15.6477,temp=212228
2026-10-04T01:16:40Z,chamber=1,focus=SCHUMANN,freq=7.8566,amp=0.915351,q=4.23131
2026-10-04T01:16:40Z,chamber=1,focus=SCHUMANN,freq=7.75196,amp=0.520565,q=4.37171
2026-10-04T01:16:41Z,chamber=1,focus=SCHUMANN,freq=7.73071,amp=1.51561,q=6.21353
2026-10-04T01:16:42Z,chamber=3,focus=SOLAR,speed=475.467,density=17.2783,bz=-8.78729,bt=5.73042,temp=115330
2026-10-04T01:16:43Z,chamber=1,focus=SCHUMANN,freq=7.76587,amp=0.881699,q=5.88398
2026-10-04T01:16:43Z,chamber=2,focus=GEOMAG,X=19777.3,Y=-4926.87,Z=45016.2,F=48921.6
2026-10-04T01:16:43Z,chamber=1,focus=SCHUMANN,freq=7.89419,amp=0.892267,q=4.19078
2026-10-04T01:16:43Z,chamber=2,focus=GEOMAG,X=20097.3,Y=-4901.14,Z=45054.2,F=49089.3
2026-10-04T01:16:44Z,chamber=1,focus=SCHUMANN,freq=7.90898,amp=0.957888,q=3.29722
2026-10-04T01:16:44Z,chamber=2,focus=GEOMAG,X=20057.2,Y=-4910.08,Z=45068.9,F=49085.5
2026-10-04T01:16:44Z,chamber=4,focus=INTEGRATION,kp=9,e_field=0.000347638,risk=LOW
2026-10-04T01:16:44Z,chamber=4,focus=INTEGRATION,kp=8,e_field=0.000700764,risk=LOW
2026-10-04T01:16:46Z,chamber=1,focus=SCHUMANN,freq=7.88293,amp=1.73907,q=6.49533
2026-10-04T01:16:46Z,chamber=3,focus=SOLAR,speed=750.68,density=11.2991,bz=-0.00896907,bt=1.67188,temp=147213
2026-10-04T01:16:46Z,chamber=1,focus=SCHUMANN,freq=7.96864,amp=1.90624,q=6.98105
2026-10-04T01:16:47Z,chamber=3,focus=SOLAR,speed=560.55,density=6.76743,bz=-6.99591,bt=9.90928,temp=174149
2026-10-04T01:16:47Z,chamber=1,focus=SCHUMANN,freq=7.92969,amp=0.86291,q=4.35774
2026-10-04T01:16:48Z,chamber=2,focus=GEOMAG,X=19826.3,Y=-5008.79,Z=44871.3,F=48799.9
2026-10-04T01:16:48Z,chamber=4,focus=INTEGRATION,kp=9,e_field=0.00114606,risk=LOW
2026-10-04T01:16:49Z,chamber=2,focus=GEOMAG,X=19881.9,Y=-5068.55,Z=45101.5,F=49028
2026-10-04T01:16:49Z,chamber=2,focus=GEOMAG,X=19823.7,Y=-5045.67,Z=44993.2,F=48907.1
2026-10-04T01:16:49Z,chamber=3,focus=SOLAR,speed=353.367,density=7.05013,bz=2.89227,bt=9.09652,temp=54911.9
2026-10-04T01:16:49Z,chamber=1,focus=SCHUMANN,freq=7.72732,amp=0.711964,q=3.36236
2026-10-04T01:16:49Z,chamber=1,focus=SCHUMANN,freq=7.7787,amp=0.516711,q=3.37853
2026-10-04T01:16:50Z,chamber=1,focus=SCHUMANN,freq=7.71392,amp=1.79326,q=5.71347
2026-10-04T01:16:52Z,chamber=1,focus=SCHUMANN,freq=7.9389,amp=0.755118,q=3.76753
2026-10-04T01:16:52Z,chamber=1,focus=SCHUMANN,freq=7.94992,amp=2.2842,q=4.96547
2026-10-04T01:16:53Z,chamber=1,focus=SCHUMANN,freq=7.90685,amp=1.06701,q=4.96932
2026-10-04T01:16:53Z,chamber=2,focus=GEOMAG,X=19802.8,Y=-4982.22,Z=44948.9,F=48864.4
2026-10-04T01:16:53Z,chamber=3,focus=SOLAR,speed=768.382,density=8.76375,bz=9.57698,bt=1.76405,temp=64009.4
2026-10-04T01:16:54Z,chamber=2,focus=GEOMAG,X=19802.1,Y=-4967.6,Z=45055.5,F=48963.7
2026-10-04T01:16:54Z,chamber=3,focus=SOLAR,speed=478.97,density=3.07133,bz=6.08818,bt=15.3192,temp=50496.6
2026-10-04T01:16:54Z,chamber=2,focus=GEOMAG,X=20126.3,Y=-5098.19,Z=45134.6,F=49154.9
2026-10-04T01:16:54Z,chamber=4,focus=INTEGRATION,kp=6,e_field=5.15322e-05,risk=LOW
2026-10-04T01:16:54Z,chamber=4,focus=INTEGRATION,kp=5,e_field=9.88678e-05,risk=LOW
2026-10-04T01:16:55Z,chamber=1,focus=SCHUMANN,freq=7.80707,amp=2.4669,q=3.91801
2026-10-04T01:16:55Z,chamber=1,focus=SCHUMANN,freq=7.81101,amp=0.804029,q=3.50352
2026-10-04T01:16:56Z,chamber=1,focus=SCHUMANN,freq=7.79757,amp=1.9733,q=5.16903
2026-10-04T01:16:56Z,chamber=3,focus=SOLAR,speed=464.679,density=9.21151,bz=-3.8167,bt=10.0513,temp=133562
2026-10-04T01:16:58Z,chamber=2,focus=GEOMAG,X=19835.2,Y=-5059.07,Z=45108,F=49016
2026-10-04T01:16:58Z,chamber=1,focus=SCHUMANN,freq=7.79867,amp=1.0442,q=5.78791
2026-10-04T01:16:58Z,chamber=4,focus=INTEGRATION,kp=4,e_field=0.000945475,risk=LOW
2026-10-04T01:16:58Z,chamber=1,focus=SCHUMANN,freq=7.79059,amp=0.842678,q=5.77873
2026-10-04T01:16:59Z,chamber=2,focus=GEOMAG,X=19870.1,Y=-5015.55,Z=45021.7,F=48955.3
2026-10-04T01:16:59Z,chamber=1,focus=SCHUMANN,freq=7.76697,amp=0.6784,q=5.85407
2026-10-04T01:16:59Z,chamber=2,focus=GEOMAG,X=20112.7,Y=-4935.09,Z=44941.2,F=48988.5
2026-10-04T01:17:00Z,chamber=3,focus=SOLAR,speed=624.593,density=9.86756,bz=-6.4093,bt=12.846,temp=113362
2026-10-04T01:17:01Z,chamber=3,focus=SOLAR,speed=460.401,density=4.82934,bz=3.7239,bt=2.91057,temp=196268
2026-10-04T01:17:01Z,chamber=1,focus=SCHUMANN,freq=7.7441,amp=0.553469,q=5.49591
2026-10-04T01:17:02Z,chamber=1,focus=SCHUMANN,freq=7.80163,amp=1.53256,q=3.00391
2026-10-04T01:17:02Z,chamber=1,focus=SCHUMANN,freq=7.90266,amp=1.12353,q=4.04748
2026-10-04T01:17:03Z,chamber=3,focus=SOLAR,speed=622.278,density=1.16248,bz=9.28852,bt=3.68755,temp=187500
2026-10-04T01:17:03Z,chamber=2,focus=GEOMAG,X=20213.4,Y=-5014.95,Z=44855,F=48942.9
2026-10-04T01:17:04Z,chamber=2,focus=GEOMAG,X=19761.3,Y=-5090.01,Z=45018.5,F=48900.6
2026-10-04T01:17:04Z,chamber=2,focus=GEOMAG,X=20213.9,Y=-4958.96,Z=45132.8,F=49203.5
2026-10-04T01:17:04Z,chamber=4,focus=INTEGRATION,kp=1,e_field=0.000300091,risk=LOW
2026-10-04T01:17:04Z,chamber=4,focus=INTEGRATION,kp=1,e_field=0.000906657,risk=LOW
2026-10-04T01:17:04Z,chamber=1,focus=SCHUMANN,freq=7.82567,amp=0.905966,q=4.96985
2026-10-04T01:17:05Z,chamber=1,focus=SCHUMANN,freq=7.73802,amp=2.34843,q=3.54178
2026-10-04T01:17:05Z,chamber=1,focus=SCHUMANN,freq=7.6874,amp=1.56811,q=6.98801
2026-10-04T01:17:07Z,chamber=1,focus=SCHUMANN,freq=7.72036,amp=0.604504,q=3.13973
2026-10-04T01:17:07Z,chamber=3,focus=SOLAR,speed=570.24,density=8.42541,bz=-3.99105,bt=12.7417,temp=157257
2026-10-04T01:17:08Z,chamber=1,focus=SCHUMANN,freq=7.76907,amp=2.10756,q=6.72663
2026-10-04T01:17:08Z,chamber=3,focus=SOLAR,speed=663.636,density=13.4149,bz=-3.83942,bt=1.01875,temp=97882.5
2026-10-04T01:17:08Z,chamber=1,focus=SCHUMANN,freq=7.84471,amp=0.930795,q=3.54856
2026-10-04T01:17:08Z,chamber=2,focus=GEOMAG,X=20220.2,Y=-5050.76,Z=44882,F=48966.7
2026-10-04T01:17:09Z,chamber=4,focus=INTEGRATION,kp=9,e_field=6.14632e-05,risk=LOW
2026-10-04T01:17:09Z,chamber=2,focus=GEOMAG,X=20098.1,Y=-4992.96,Z=44995.6,F=49026.6
2026-10-04T01:17:09Z,chamber=2,focus=GEOMAG,X=19929.7,Y=-4998.18,Z=45039.4,F=48997.5
2026-10-04T01:17:10Z,chamber=3,focus=SOLAR,speed=739.954,density=1.14208,bz=6.03841,bt=5.70606,temp=113828
2026-10-04T01:17:10Z,chamber=1,focus=SCHUMANN,freq=7.78456,amp=1.90276,q=6.44468
2026-10-04T01:17:11Z,chamber=1,focus=SCHUMANN,freq=7.7368,amp=1.66559,q=3.40604
2026-10-04T01:17:11Z,chamber=1,focus=SCHUMANN,freq=7.84403,amp=0.678811,q=3.35674
2026-10-04T01:17:13Z,chamber=1,focus=SCHUMANN,freq=7.79252,amp=0.63963,q=6.35278
2026-10-04T01:17:13Z,chamber=2,focus=GEOMAG,X=20235.6,Y=-5052.02,Z=44878.3,F=48969.6
2026-10-04T01:17:14Z,chamber=1,focus=SCHUMANN,freq=7.96183,amp=0.507576,q=3.70127
2026-10-04T01:17:14Z,chamber=2,focus=GEOMAG,X=19793.8,Y=-4945.64,Z=44922.2,F=48839.9
2026-10-04T01:17:14Z,chamber=1,focus=SCHUMANN,freq=7.88991,amp=0.696919,q=5.48955
2026-10-04T01:17:14Z,chamber=2,focus=GEOMAG,X=19902.6,Y=-4965.94,Z=45087.6,F=49034.1
2026-10-04T01:17:14Z,chamber=4,focus=INTEGRATION,kp=4,e_field=0.000971393,risk=LOW
2026-10-04T01:17:14Z,chamber=4,focus=INTEGRATION,kp=6,e_field=0.00102939,risk=LOW
2026-10-04T01:17:14Z,chamber=3,focus=SOLAR,speed=390.767,density=19.0227,bz=-2.07227,bt=13.6723,temp=113962
2026-10-04T01:17:15Z,chamber=3,focus=SOLAR,speed=362.391,density=13.7226,bz=0.911639,bt=14.7236,temp=56684.4
2026-10-04T01:17:16Z,chamber=1,focus=SCHUMANN,freq=7.70688,amp=1.36287,q=3.94453
2026-10-04T01:17:17Z,chamber=1,focus=SCHUMANN,freq=7.83123,amp=1.4199,q=3.02597
2026-10-04T01:17:17Z,chamber=1,focus=SCHUMANN,freq=7.93818,amp=1.24966,q=5.8543
2026-10-04T01:17:17Z,chamber=3,focus=SOLAR,speed=776.316,density=8.16544,bz=7.86428,bt=5.81792,temp=84659
2026-10-04T01:17:18Z,chamber=2,focus=GEOMAG,X=20233.2,Y=-5099.71,Z=45145.7,F=49208.8
2026-10-04T01:17:19Z,chamber=4,focus=INTEGRATION,kp=8,e_field=0.000642766,risk=LOW
2026-10-04T01:17:19Z,chamber=2,focus=GEOMAG,X=20066,Y=-5080.25,Z=44906.5,F=48922.7
2026-10-04T01:17:19Z,chamber=2,focus=GEOMAG,X=19908.4,Y=-4925.98,Z=45130.3,F=49079.8
2026-10-04T01:17:19Z,chamber=1,focus=SCHUMANN,freq=7.89871,amp=0.659282,q=5.31422
2026-10-04T01:17:20Z,chamber=1,focus=SCHUMANN,freq=7.89497,amp=2.07253,q=6.44446
2026-10-04T01:17:20Z,chamber=1,focus=SCHUMANN,freq=7.97986,amp=2.26512,q=3.44327
2026-10-04T01:17:21Z,chamber=3,focus=SOLAR,speed=315.021,density=8.42375,bz=-8.91756,bt=6.50897,temp=121027
2026-10-04T01:17:22Z,chamber=3,focus=SOLAR,speed=305.831,density=10.2041,bz=2.15438,bt=2.89409,temp=243610
2026-10-04T01:17:22Z,chamber=1,focus=SCHUMANN,freq=7.79123,amp=1.69749,q=5.31618
2026-10-04T01:17:23Z,chamber=1,focus=SCHUMANN,freq=7.76176,amp=1.39022,q=5.82234
2026-10-04T01:17:23Z,chamber=1,focus=SCHUMANN,freq=7.73627,amp=1.38595,q=5.67778
2026-10-04T01:17:23Z,chamber=2,focus=GEOMAG,X=20043.6,Y=-5071.93,Z=45073.8,F=49068
2026-10-04T01:17:24Z,chamber=2,focus=GEOMAG,X=20108.9,Y=-5051.89,Z=44855.5,F=48896.4
2026-10-04T01:17:24Z,chamber=2,focus=GEOMAG,X=20199.5,Y=-5058.41,Z=44982,F=49049.1
2026-10-04T01:17:24Z,chamber=4,focus=INTEGRATION,kp=3,e_field=0.000110954,risk=LOW
2026-10-04T01:17:24Z,chamber=4,focus=INTEGRATION,kp=4,e_field=0.000699098,risk=LOW
2026-10-04T01:17:24Z,chamber=3,focus=SOLAR,speed=562.519,density=8.26027,bz=8.72813,bt=8.58089,temp=222422
2026-10-04T01:17:25Z,chamber=1,focus=SCHUMANN,freq=7.90451,amp=1.3361,q=5.39857
2026-10-04T01:17:26Z,chamber=1,focus=SCHUMANN,freq=7.92626,amp=2.0225,q=6.19855
2026-10-04T01:17:26Z,chamber=1,focus=SCHUMANN,freq=7.78405,amp=2.16379,q=6.3206
2026-10-04T01:17:28Z,chamber=2,focus=GEOMAG,X=20060.6,Y=-4967.62,Z=44922.3,F=48946.5
2026-10-04T01:17:28Z,chamber=3,focus=SOLAR,speed=571.892,density=10.6041,bz=-7.55457,bt=8.01737,temp=219037
2026-10-04T01:17:28Z,chamber=1,focus=SCHUMANN,freq=7.7973,amp=1.13864,q=5.67287
2026-10-04T01:17:29Z,chamber=4,focus=INTEGRATION,kp=9,e_field=0.00074024,risk=LOW
2026-10-04T01:17:29Z,chamber=1,focus=SCHUMANN,freq=7.96349,amp=2.23724,q=6.7729
2026-10-04T01:17:29Z,chamber=2,focus=GEOMAG,X=19846.4,Y=-4927.53,Z=45095.7,F=49022.7
2026-10-04T01:17:29Z,chamber=3,focus=SOLAR,speed=444.354,density=11.3648,bz=-5.20822,bt=15.5824,temp=122507
2026-10-04T01:17:29Z,chamber=1,focus=SCHUMANN,freq=7.82662,amp=0.900324,q=3.76676
2026-10-04T01:17:29Z,chamber=2,focus=GEOMAG,X=20220.4,Y=-4929.04,Z=44912.9,F=49007.5
2026-10-04T01:17:31Z,chamber=3,focus=SOLAR,speed=563.705,density=18.9701,bz=-0.16065,bt=7.74355,temp=218120
2026-10-04T01:17:32Z,chamber=1,focus=SCHUMANN,freq=7.69928,amp=2.21946,q=6.66922
2026-10-04T01:17:32Z,chamber=1,focus=SCHUMANN,freq=7.89684,amp=1.565,q=5.14255
2026-10-04T01:17:32Z,chamber=1,focus=SCHUMANN,freq=7.94081,amp=1.10877,q=3.71966
2026-10-04T01:17:33Z,chamber=2,focus=GEOMAG,X=19939.5,Y=-4982.14,Z=44923.6,F=48896.7
2026-10-04T01:17:34Z,chamber=2,focus=GEOMAG,X=20068.5,Y=-5087.7,Z=45047.3,F=49052.2
2026-10-04T01:17:34Z,chamber=2,focus=GEOMAG,X=20000.4,Y=-5093.97,Z=44893,F=48882
2026-10-04T01:17:34Z,chamber=4,focus=INTEGRATION,kp=9,e_field=0.00102186,risk=LOW
2026-10-04T01:17:34Z,chamber=4,focus=INTEGRATION,kp=6,e_field=0.000211467,risk=LOW
2026-10-04T01:17:35Z,chamber=1,focus=SCHUMANN,freq=7.94463,amp=0.785466,q=3.98986
2026-10-04T01:17:35Z,chamber=1,focus=SCHUMANN,freq=7.7982,amp=0.722562,q=6.97172
2026-10-04T01:17:35Z,chamber=1,focus=SCHUMANN,freq=7.79876,amp=2.40411,q=5.58393
2026-10-04T01:17:36Z,chamber=3,focus=SOLAR,speed=767.093,density=3.51358,bz=-0.423503,bt=5.48809,temp=200880
2026-10-04T01:17:36Z,chamber=3,focus=SOLAR,speed=392.319,density=4.92414,bz=4.98058,bt=7.57647,temp=144605
2026-10-04T01:17:38Z,chamber=1,focus=SCHUMANN,freq=7.71734,amp=2.05373,q=5.76622
2026-10-04T01:17:38Z,chamber=1,focus=SCHUMANN,freq=7.81372,amp=1.02277,q=5.83333
2026-10-04T01:17:38Z,chamber=1,focus=SCHUMANN,freq=7.96488,amp=2.49906,q=6.17954
2026-10-04T01:17:38Z,chamber=3,focus=SOLAR,speed=671.234,density=7.9533,bz=-1.7684,bt=12.0414,temp=231759
2026-10-04T01:17:39Z,chamber=2,focus=GEOMAG,X=19758.4,Y=-4927.06,Z=45014.9,F=48912.8
2026-10-04T01:17:39Z,chamber=2,focus=GEOMAG,X=20048.1,Y=-4987.24,Z=44919.9,F=48937.2
2026-10-04T01:17:39Z,chamber=4,focus=INTEGRATION,kp=9,e_field=0.0010958,risk=LOW
2026-10-04T01:17:39Z,chamber=2,focus=GEOMAG,X=20064.9,Y=-5096.35,Z=45025,F=49029.4
2026-10-04T01:17:41Z,chamber=1,focus=SCHUMANN,freq=7.77474,amp=1.34243,q=5.12151
2026-10-04T01:17:41Z,chamber=1,focus=SCHUMANN,freq=7.70022,amp=0.647909,q=4.60607
2026-10-04T01:17:41Z,chamber=1,focus=SCHUMANN,freq=7.97153,amp=1.04613,q=3.04818
2026-10-04T01:17:43Z,chamber=3,focus=SOLAR,speed=513.115,density=17.7721,bz=-2.55179,bt=4.19135,temp=227565
2026-10-04T01:17:43Z,chamber=3,focus=SOLAR,speed=661.968,density=12.463,bz=-0.614208,bt=3.04905,temp=131684
2026-10-04T01:17:44Z,chamber=2,focus=GEOMAG,X=20049.6,Y=-4947.08,Z=45119.6,F=49125.3
2026-10-04T01:17:44Z,chamber=1,focus=SCHUMANN,freq=7.71901,amp=1.4015,q=4.69853
2026-10-04T01:17:44Z,chamber=1,focus=SCHUMANN,freq=7.786,amp=1.19709,q=3.14448
2026-10-04T01:17:44Z,chamber=2,focus=GEOMAG,X=19787,Y=-5006.87,Z=45124.3,F=49016.9
2026-10-04T01:17:44Z,chamber=1,focus=SCHUMANN,freq=7.70103,amp=0.756073,q=5.12217
2026-10-04T01:17:44Z,chamber=2,focus=GEOMAG,X=19878,Y=-5013.59,Z=45086.8,F=49018.6
2026-10-04T01:17:44Z,chamber=4,focus=INTEGRATION,kp=5,e_field=0.000943814,risk=LOW
2026-10-04T01:17:45Z,chamber=4,focus=INTEGRATION,kp=8,e_field=0.000360323,risk=LOW
2026-10-04T01:17:45Z,chamber=3,focus=SOLAR,speed=798.812,density=9.12478,bz=-5.71355,bt=12.626,temp=186000
2026-10-04T01:17:47Z,chamber=1,focus=SCHUMANN,freq=7.84699,amp=1.80294,q=6.16917
2026-10-04T01:17:47Z,chamber=1,focus=SCHUMANN,freq=7.94972,amp=1.99815,q=6.96418
2026-10-04T01:17:47Z,chamber=1,focus=SCHUMANN,freq=7.75539,amp=1.42727,q=5.24129
2026-10-04T01:17:49Z,chamber=2,focus=GEOMAG,X=20213.5,Y=-5029.7,Z=44854.1,F=48940.6
2026-10-04T01:17:49Z,chamber=2,focus=GEOMAG,X=19879.7,Y=-5089.35,Z=44913,F=48851.6
2026-10-04T01:17:49Z,chamber=4,focus=INTEGRATION,kp=6,e_field=0.000812965,risk=LOW
2026-10-04T01:17:49Z,chamber=2,focus=GEOMAG,X=19934.3,Y=-5089.6,Z=45110.3,F=49055.2
2026-10-04T01:17:50Z,chamber=1,focus=SCHUMANN,freq=7.85572,amp=0.969534,q=3.80587
2026-10-04T01:17:50Z,chamber=3,focus=SOLAR,speed=417.571,density=10.0977,bz=7.13388,bt=9.76071,temp=50026.3
2026-10-04T01:17:50Z,chamber=1,focus=SCHUMANN,freq=7.95278,amp=2.28254,q=6.12197
2026-10-04T01:17:50Z,chamber=3,focus=SOLAR,speed=320.066,density=18.8871,bz=5.72827,bt=13.3929,temp=64316
2026-10-04T01:17:50Z,chamber=1,focus=SCHUMANN,freq=7.68421,amp=1.69316,q=3.87965
2026-10-04T01:17:52Z,chamber=3,focus=SOLAR,speed=522.03,density=9.72223,bz=-6.37701,bt=5.91045,temp=63579.5
2026-10-04T01:17:53Z,chamber=1,focus=SCHUMANN,freq=7.94197,amp=1.69393,q=4.87434
2026-10-04T01:17:53Z,chamber=1,focus=SCHUMANN,freq=7.87851,amp=1.00135,q=6.01384
2026-10-04T01:17:53Z,chamber=1,focus=SCHUMANN,freq=7.94566,amp=1.20955,q=3.13249
2026-10-04T01:17:54Z,chamber=2,focus=GEOMAG,X=19991,Y=-5096.28,Z=44860.2,F=48847.8
2026-10-04T01:17:54Z,chamber=2,focus=GEOMAG,X=20039.2,Y=-5013.57,Z=45145.9,F=49138.4
2026-10-04T01:17:54Z,chamber=2,focus=GEOMAG,X=20070,Y=-4900.55,Z=45133.5,F=49151
2026-10-04T01:17:55Z,chamber=4,focus=INTEGRATION,kp=4,e_field=0.00115232,risk=LOW
2026-10-04T01:17:55Z,chamber=4,focus=INTEGRATION,kp=6,e_field=0.000307673,risk=LOW
2026-10-04T01:17:56Z,chamber=1,focus=SCHUMANN,freq=7.69866,amp=0.576134,q=6.66108
2026-10-04T01:17:56Z,chamber=1,focus=SCHUMANN,freq=7.77763,amp=1.89645,q=3.37264
2026-10-04T01:17:56Z,chamber=1,focus=SCHUMANN,freq=7.8459,amp=0.827235,q=6.53464
2026-10-04T01:17:57Z,chamber=3,focus=SOLAR,speed=751.818,density=1.3306,bz=-2.33293,bt=7.47051,temp=219154
2026-10-04T01:17:57Z,chamber=3,focus=SOLAR,speed=747.937,density=2.55525,bz=-8.78065,bt=11.8129,temp=120321
2026-10-04T01:17:59Z,chamber=2,focus=GEOMAG,X=19988.5,Y=-5022.12,Z=44853.7,F=48848.5
2026-10-04T01:17:59Z,chamber=1,focus=SCHUMANN,freq=7.80844,amp=1.15743,q=6.01919
2026-10-04T01:17:59Z,chamber=1,focus=SCHUMANN,freq=7.8174,amp=1.55171,q=6.09043
2026-10-04T01:17:59Z,chamber=2,focus=GEOMAG,X=20179.5,Y=-4957.76,Z=44925.7,F=48999.5
2026-10-04T01:17:59Z,chamber=4,focus=INTEGRATION,kp=4,e_field=0.000242566,risk=LOW
2026-10-04T01:17:59Z,chamber=1,focus=SCHUMANN,freq=7.84054,amp=2.20319,q=5.8604
2026-10-04T01:17:59Z,chamber=2,focus=GEOMAG,X=20128.8,Y=-4981.88,Z=44925,F=48975.6
2026-10-04T01:17:59Z,chamber=3,focus=SOLAR,speed=704.406,density=6.42244,bz=7.49367,bt=10.8377,temp=82746.2
2026-10-04T01:18:02Z,chamber=1,focus=SCHUMANN,freq=7.84475,amp=0.597428,q=5.94553
2026-10-04T01:18:02Z,chamber=1,focus=SCHUMANN,freq=7.69844,amp=1.9942,q=6.01819
2026-10-04T01:18:02Z,chamber=1,focus=SCHUMANN,freq=7.92915,amp=2.22465,q=5.55403
2026-10-04T01:18:04Z,chamber=2,focus=GEOMAG,X=19933.9,Y=-5001.05,Z=45067.3,F=49024.6
2026-10-04T01:18:04Z,chamber=3,focus=SOLAR,speed=543.874,density=1.94291,bz=0.815718,bt=10.0202,temp=59794.2
2026-10-04T01:18:04Z,chamber=3,focus=SOLAR,speed=471.15,density=16.1176,bz=-7.97908,bt=5.94794,temp=116941
2026-10-04T01:18:04Z,chamber=2,focus=GEOMAG,X=20244.1,Y=-5069.18,Z=44904.1,F=48995
2026-10-04T01:18:04Z,chamber=2,focus=GEOMAG,X=19807.7,Y=-4955.13,Z=45083.8,F=48993.3
2026-10-04T01:18:05Z,chamber=4,focus=INTEGRATION,kp=9,e_field=0.000841643,risk=LOW
2026-10-04T01:18:05Z,chamber=4,focus=INTEGRATION,kp=3,e_field=0.000322212,risk=LOW
2026-10-04T01:18:05Z,chamber=1,focus=SCHUMANN,freq=7.75879,amp=0.613461,q=3.39235
2026-10-04T01:18:05Z,chamber=1,focus=SCHUMANN,freq=7.86729,amp=1.76606,q=6.07523
2026-10-04T01:18:05Z,chamber=1,focus=SCHUMANN,freq=7.92976,amp=2.22573,q=3.46617
2026-10-04T01:18:07Z,chamber=3,focus=SOLAR,speed=396.247,density=3.74549,bz=5.94035,bt=11.5845,temp=57657.5
2026-10-04T01:18:08Z,chamber=1,focus=SCHUMANN,freq=7.73311,amp=1.52674,q=4.456
2026-10-04T01:18:08Z,chamber=1,focus=SCHUMANN,freq=7.81981,amp=0.977629,q=5.78735
2026-10-04T01:18:08Z,chamber=1,focus=SCHUMANN,freq=7.84511,amp=1.65908,q=4.31461
2026-10-04T01:18:09Z,chamber=2,focus=GEOMAG,X=20187.4,Y=-4997.15,Z=44980.7,F=49049.2
2026-10-04T01:18:09Z,chamber=2,focus=GEOMAG,X=19795.9,Y=-5046.5,Z=44925.9,F=48833.9
2026-10-04T01:18:09Z,chamber=4,focus=INTEGRATION,kp=8,e_field=0.000455722,risk=LOW
2026-10-04T01:18:09Z,chamber=2,focus=GEOMAG,X=19978,Y=-4947.11,Z=45053.4,F=49035.2
2026-10-04T01:18:11Z,chamber=1,focus=SCHUMANN,freq=7.97259,amp=1.08806,q=6.47237
2026-10-04T01:18:11Z,chamber=3,focus=SOLAR,speed=581.674,density=14.134,bz=-5.0544,bt=8.60297,temp=156498
2026-10-04T01:18:11Z,chamber=3,focus=SOLAR,speed=568.732,density=19.38,bz=-4.16843,bt=11.4997,temp=88740.4
2026-10-04T01:18:11Z,chamber=1,focus=SCHUMANN,freq=7.79006,amp=2.18319,q=5.61452
2026-10-04T01:18:11Z,chamber=1,focus=SCHUMANN,freq=7.83244,amp=1.57345,q=5.53311
2026-10-04T01:18:14Z,chamber=3,focus=SOLAR,speed=655.825,density=16.2791,bz=9.57541,bt=8.66862,temp=67570.2
2026-10-04T01:18:14Z,chamber=2,focus=GEOMAG,X=20217.1,Y=-4904.21,Z=44923.5,F=49018.4
2026-10-04T01:18:14Z,chamber=1,focus=SCHUMANN,freq=7.73997,amp=1.48157,q=3.82271
2026-10-04T01:18:14Z,chamber=2,focus=GEOMAG,X=20247.8,Y=-5030.45,Z=44987,F=49076.5
2026-10-04T01:18:14Z,chamber=1,focus=SCHUMANN,freq=7.92196,amp=2.49237,q=6.24108
2026-10-04T01:18:14Z,chamber=1,focus=SCHUMANN,freq=7.94116,amp=2.46042,q=6.61057
2026-10-04T01:18:14Z,chamber=2,focus=GEOMAG,X=19939.2,Y=-4924.97,Z=44944.6,F=48921.7
2026-10-04T01:18:15Z,chamber=4,focus=INTEGRATION,kp=3,e_field=0.000277388,risk=LOW
2026-10-04T01:18:15Z,chamber=4,focus=INTEGRATION,kp=1,e_field=9.4851e-05,risk=LOW
2026-10-04T01:18:17Z,chamber=1,focus=SCHUMANN,freq=7.92237,amp=2.26014,q=5.42015
2026-10-04T01:18:17Z,chamber=1,focus=SCHUMANN,freq=7.95991,amp=0.873274,q=6.13767
2026-10-04T01:18:17Z,chamber=1,focus=SCHUMANN,freq=7.84258,amp=0.751761,q=3.60422
2026-10-04T01:18:18Z,chamber=3,focus=SOLAR,speed=778.371,density=16.2235,bz=-5.70253,bt=13.4857,temp=184957
2026-10-04T01:18:18Z,chamber=3,focus=SOLAR,speed=594.96,density=5.14598,bz=-1.30869,bt=13.625,temp=94862.1
2026-10-04T01:18:19Z,chamber=2,focus=GEOMAG,X=20082.1,Y=-5040.14,Z=44957.3,F=48980.1
2026-10-04T01:18:19Z,chamber=2,focus=GEOMAG,X=19820.5,Y=-4949.95,Z=45018.7,F=48939.1
2026-10-04T01:18:19Z,chamber=4,focus=INTEGRATION,kp=6,e_field=0.000930284,risk=LOW
2026-10-04T01:18:19Z,chamber=2,focus=GEOMAG,X=19992.4,Y=-4908.89,Z=45139.1,F=49123.7
2026-10-04T01:18:20Z,chamber=1,focus=SCHUMANN,freq=7.89621,amp=1.98147,q=5.58658
2026-10-04T01:18:20Z,chamber=1,focus=SCHUMANN,freq=7.90612,amp=2.30993,q=5.2793
2026-10-04T01:18:20Z,chamber=1,focus=SCHUMANN,freq=7.94272,amp=2.43144,q=4.01525
2026-10-04T01:18:21Z,chamber=3,focus=SOLAR,speed=538.456,density=2.06267,bz=-5.92726,bt=9.95509,temp=101627
2026-10-04T01:18:23Z,chamber=1,focus=SCHUMANN,freq=7.79123,amp=2.26136,q=3.84872
2026-10-04T01:18:23Z,chamber=1,focus=SCHUMANN,freq=7.70086,amp=0.986414,q=5.17201
2026-10-04T01:18:23Z,chamber=1,focus=SCHUMANN,freq=7.78393,amp=1.86387,q=4.07425
2026-10-04T01:18:24Z,chamber=2,focus=GEOMAG,X=19990.9,Y=-5001.82,Z=45029.1,F=49012.6
2026-10-04T01:18:24Z,chamber=2,focus=GEOMAG,X=19941.7,Y=-4943.9,Z=45111.1,F=49073.8
2026-10-04T01:18:24Z,chamber=2,focus=GEOMAG,X=19999.3,Y=-5004.14,Z=44957.9,F=48950.4
2026-10-04T01:18:25Z,chamber=4,focus=INTEGRATION,kp=3,e_field=0.000670952,risk=LOW
2026-10-04T01:18:25Z,chamber=3,focus=SOLAR,speed=673.76,density=2.04392,bz=-9.5072,bt=15.9222,temp=108476
2026-10-04T01:18:25Z,chamber=4,focus=INTEGRATION,kp=2,e_field=0.000686368,risk=LOW
2026-10-04T01:18:25Z,chamber=3,focus=SOLAR,speed=558.662,density=7.56313,bz=4.82157,bt=6.26167,temp=124088
2026-10-04T01:18:26Z,chamber=1,focus=SCHUMANN,freq=7.73303,amp=0.865169,q=4.57845
2026-10-04T01:18:26Z,chamber=1,focus=SCHUMANN,freq=7.82679,amp=2.18263,q=3.23593
2026-10-04T01:18:26Z,chamber=1,focus=SCHUMANN,freq=7.94543,amp=1.39857,q=6.39925
2026-10-04T01:18:28Z,chamber=3,focus=SOLAR,speed=480.063,density=12.5376,bz=-2.10903,bt=6.42289,temp=139304
2026-10-04T01:18:29Z,chamber=2,focus=GEOMAG,X=20213.1,Y=-4919.02,Z=44903,F=48996.4
2026-10-04T01:18:29Z,chamber=1,focus=SCHUMANN,freq=7.69568,amp=2.3174,q=4.30571
2026-10-04T01:18:29Z,chamber=2,focus=GEOMAG,X=19798.3,Y=-4938.57,Z=45125.9,F=49029.9
2026-10-04T01:18:29Z,chamber=1,focus=SCHUMANN,freq=7.92212,amp=1.98473,q=3.44325
2026-10-04T01:18:29Z,chamber=4,focus=INTEGRATION,kp=6,e_field=0.000919005,risk=LOW
2026-10-04T01:18:29Z,chamber=1,focus=SCHUMANN,freq=7.81222,amp=0.980903,q=6.76357
2026-10-04T01:18:29Z,chamber=2,focus=GEOMAG,X=19814,Y=-4953.85,Z=45045.8,F=48961
