2026-10-04T01:15:43Z,19780.7,-4961.57,44942.5,48851.7,-14.0809,66.923
2026-10-04T01:15:43Z,20002.6,-4935.66,44966.7,48966.8,-13.8609,66.6803
2026-10-04T01:15:48Z,19750.4,-4907.79,44975.8,48875.5,-13.9548,66.9571
2026-10-04T01:15:48Z,19882.8,-5096.73,45014,48945,-14.3776,66.8803
2026-10-04T01:15:53Z,20009.2,-4958.98,44983.5,48982.6,-13.9194,66.6872
2026-10-04T01:15:53Z,20020.9,-5003.84,44869.3,48877.9,-14.0325,66.6336
2026-10-04T01:15:58Z,20017.2,-4906.66,45035.9,49039.2,-13.7729,66.6883
2026-10-04T01:15:58Z,20013.6,-4971.54,45048.3,49042.6,-13.9504,66.7157
2026-10-04T01:16:03Z,20074.9,-4967.47,45036.9,49057.6,-13.8985,66.6414
2026-10-04T01:16:03Z,19773.1,-4964.96,44903,48811.9,-14.0954,66.9142
2026-10-04T01:16:08Z,19807.6,-4986.4,45063,48970.9,-14.1301,66.9553
2026-10-04T01:16:08Z,20180.9,-4923.32,45082.9,49147.7,-13.7101,66.5337
2026-10-04T01:16:13Z,19865.6,-4954.85,44856.6,48807.8,-14.0049,66.7869
2026-10-04T01:16:13Z,19943.3,-5056.42,45087.3,49041.1,-14.227,66.8353
2026-10-04T01:16:18Z,19919.4,-5066.21,44965.3,48918.2,-14.2698,66.8084
2026-10-04T01:16:18Z,20018.4,-5021.39,45024.1,49017.3,-14.0815,66.713
2026-10-04T01:16:23Z,20122.5,-5047.37,44876.7,48922,-14.0811,66.5363
2026-10-04T01:16:24Z,19793.3,-5080.41,44982.4,48881.3,-14.3955,66.9609
2026-10-04T01:16:28Z,19750.1,-4900.78,45071,48963.7,-13.9359,66.9991
2026-10-04T01:16:28Z,19912.1,-5031.81,45022.4,48971.3,-14.1818,66.8332
2026-10-04T01:16:29Z,20229.5,-4954.92,44933.9,49027.9,-13.7628,66.4192
2026-10-04T01:16:33Z,19943.4,-5026.62,45055.1,49014.6,-14.1464,66.812
2026-10-04T01:16:33Z,20163.2,-4908.35,45111.1,49167.8,-13.6815,66.5623
2026-10-04T01:16:34Z,19844.7,-4901.06,45017.5,48952.7,-13.8728,66.8695
2026-10-04T01:16:38Z,19905.6,-4988.75,44929.5,48887.7,-14.0697,66.7855
2026-10-04T01:16:38Z,20089.9,-4962.64,45111.2,49132.4,-13.8755,66.6579
2026-10-04T01:16:39Z,20214.5,-4937.98,45023.5,49105.6,-13.7273,66.473
2026-10-04T01:16:43Z,19777.3,-4926.87,45016.2,48921.6,-13.9887,66.951
2026-10-04T01:16:43Z,20097.3,-4901.14,45054.2,49089.3,-13.7052,66.6067
2026-10-04T01:16:44Z,20057.2,-4910.08,45068.9,49085.5,-13.7557,66.6602
2026-10-04T01:16:48Z,19826.3,-5008.79,44871.3,48799.9,-14.1782,66.8526
2026-10-04T01:16:49Z,19881.9,-5068.55,45101.5,49028,-14.302,66.9134
2026-10-04T01:16:49Z,19823.7,-5045.67,44993.2,48907.1,-14.2801,66.922
2026-10-04T01:16:53Z,19802.8,-4982.22,44948.9,48864.4,-14.1221,66.9071
2026-10-04T01:16:54Z,19802.1,-4967.6,45055.5,48963.7,-14.0827,66.9527
2026-10-04T01:16:54Z,20126.3,-5098.19,45134.6,49154.9,-14.2146,66.666
2026-10-04T01:16:58Z,19835.2,-5059.07,45108,49016,-14.3085,66.9657
2026-10-04T01:16:59Z,19870.1,-5015.55,45021.7,48955.3,-14.1665,66.875
2026-10-04T01:16:59Z,20112.7,-4935.09,44941.2,48988.5,-13.7864,66.5463
2026-10-04T01:17:03Z,20213.4,-5014.95,44855,48942.9,-13.9338,66.4164
2026-10-04T01:17:04Z,19761.3,-5090.01,45018.5,48900.6,-14.444,67.0159
2026-10-04T01:17:04Z,20213.9,-4958.96,45132.8,49203.5,-13.7838,66.5301
2026-10-04T01:17:08Z,20220.2,-5050.76,44882,48966.7,-14.0248,66.4314
2026-10-04T01:17:09Z,20098.1,-4992.96,44995.6,49026.6,-13.9515,66.6036
2026-10-04T01:17:09Z,19929.7,-4998.18,45039.4,48997.5,-14.0789,66.812
2026-10-04T01:17:13Z,20235.6,-5052.02,44878.3,48969.6,-14.0179,66.413
2026-10-04T01:17:14Z,19793.8,-4945.64,44922.2,48839.9,-14.0286,66.8946
2026-10-04T01:17:14Z,19902.6,-4965.94,45087.6,49034.1,-14.0099,66.8553
2026-10-04T01:17:18Z,20233.2,-5099.71,45145.7,49208.8,-14.1466,66.5534
2026-10-04T01:17:19Z,20066,-5080.25,44906.5,48922.7,-14.2074,66.6221
2026-10-04T01:17:19Z,19908.4,-4925.98,45130.3,49079.8,-13.8977,66.8575
2026-10-04T01:17:23Z,20043.6,-5071.93,45073.8,49068,-14.2003,66.7221
2026-10-04T01:17:24Z,20108.9,-5051.89,44855.5,48896.4,-14.1024,66.5428
2026-10-04T01:17:24Z,20199.5,-5058.41,44982,49049.1,-14.059,66.5031
2026-10-04T01:17:28Z,20060.6,-4967.62,44922.3,48946.5,-13.9084,66.6042
2026-10-04T01:17:29Z,19846.4,-4927.53,45095.7,49022.7,-13.9436,66.9108
2026-10-04T01:17:29Z,20220.4,-4929.04,44912.9,49007.5,-13.6996,66.4124
2026-10-04T01:17:33Z,19939.5,-4982.14,44923.6,48896.7,-14.0289,66.7432
2026-10-04T01:17:34Z,20068.5,-5087.7,45047.3,49052.2,-14.2257,66.6867
2026-10-04T01:17:34Z,20000.4,-5093.97,44893,48882,-14.2891,66.6927
2026-10-04T01:17:39Z,19758.4,-4927.06,45014.9,48912.8,-14.002,66.9714
2026-10-04T01:17:39Z,20048.1,-4987.24,44919.9,48937.2,-13.9696,66.6223
2026-10-04T01:17:39Z,20064.9,-5096.35,45025,49029.4,-14.2514,66.6828
2026-10-04T01:17:44Z,20049.6,-4947.08,45119.6,49125.3,-13.8604,66.7021
2026-10-04T01:17:44Z,19787,-5006.87,45124.3,49016.9,-14.2,67.012
2026-10-04T01:17:44Z,19878,-5013.59,45086.8,49018.6,-14.1558,66.8955
2026-10-04T01:17:49Z,20213.5,-5029.7,44854.1,48940.6,-13.9731,66.4199
2026-10-04T01:17:49Z,19879.7,-5089.35,44913,48851.6,-14.3597,66.8351
2026-10-04T01:17:49Z,19934.3,-5089.6,45110.3,49055.2,-14.3227,66.8652
2026-10-04T01:17:54Z,19991,-5096.28,44860.2,48847.8,-14.3017,66.6886
2026-10-04T01:17:54Z,20039.2,-5013.57,45145.9,49138.4,-14.0464,66.744
2026-10-04T01:17:54Z,20070,-4900.55,45133.5,49151,-13.7216,66.6733
2026-10-04T01:17:59Z,19988.5,-5022.12,44853.7,48848.5,-14.1037,66.6675
2026-10-04T01:17:59Z,20179.5,-4957.76,44925.7,48999.5,-13.8032,66.4714
2026-10-04T01:17:59Z,20128.8,-4981.88,44925,48975.6,-13.9014,66.5337
2026-10-04T01:18:04Z,19933.9,-5001.05,45067.3,49024.6,-14.0838,66.821
2026-10-04T01:18:04Z,20244.1,-5069.18,44904.1,48995,-14.058,66.4204
2026-10-04T01:18:04Z,19807.7,-4955.13,45083.8,48993.3,-14.045,66.956
2026-10-04T01:18:09Z,20187.4,-4997.15,44980.7,49049.2,-13.9034,66.499
2026-10-04T01:18:09Z,19795.9,-5046.5,44925.9,48833.9,-14.3016,66.9224
2026-10-04T01:18:09Z,19978,-4947.11,45053.4,49035.2,-13.9083,66.7508
2026-10-04T01:18:14Z,20217.1,-4904.21,44923.5,49018.4,-13.6353,66.4143
2026-10-04T01:18:14Z,20247.8,-5030.45,44987,49076.5,-13.9523,66.4443
2026-10-04T01:18:14Z,19939.2,-4924.97,44944.6,48921.7,-13.8743,66.7375
2026-10-04T01:18:19Z,20082.1,-5040.14,44957.3,48980.1,-14.0889,66.6166
2026-10-04T01:18:19Z,19820.5,-4949.95,45018.7,48939.1,-14.0222,66.9104
2026-10-04T01:18:19Z,19992.4,-4908.89,45139.1,49123.7,-13.7954,66.7639
2026-10-04T01:18:24Z,19990.9,-5001.82,45029.1,49012.6,-14.0473,66.7404
2026-10-04T01:18:24Z,19941.7,-4943.9,45111.1,49073.8,-13.9239,66.8167
2026-10-04T01:18:24Z,19999.3,-5004.14,44957.9,48950.4,-14.0479,66.6988
2026-10-04T01:18:29Z,20213.1,-4919.02,44903,48996.4,-13.6775,66.4131
2026-10-04T01:18:29Z,19798.3,-4938.57,45125.9,49029.9,-14.0063,66.9811
2026-10-04T01:18:29Z,19814,-4953.85,45045.8,48961,-14.0372,66.9312
