2026-10-04T01:15:43Z,7.74666,0.930667,5.81503
2026-10-04T01:15:43Z,7.89095,1.23343,6.87213
2026-10-04T01:15:46Z,7.69122,1.59452,6.87107
2026-10-04T01:15:46Z,7.7354,1.47872,4.17344
2026-10-04T01:15:49Z,7.80071,1.2795,3.49615
2026-10-04T01:15:49Z,7.94894,1.67423,6.56553
2026-10-04T01:15:52Z,7.87715,1.63867,6.99869
2026-10-04T01:15:52Z,7.82954,1.27689,4.73676
2026-10-04T01:15:55Z,7.84751,1.9869,6.29744
2026-10-04T01:15:55Z,7.86208,2.42363,5.88755
2026-10-04T01:15:58Z,7.90115,1.05164,3.58892
2026-10-04T01:15:58Z,7.94085,1.95731,4.58646
2026-10-04T01:16:01Z,7.73501,0.933157,4.1435
2026-10-04T01:16:01Z,7.88211,0.613308,4.36324
2026-10-04T01:16:04Z,7.79158,1.58346,5.72449
2026-10-04T01:16:04Z,7.81814,2.33996,6.47222
2026-10-04T01:16:07Z,7.69504,1.38643,4.29127
2026-10-04T01:16:07Z,7.74502,2.35649,5.51967
2026-10-04T01:16:10Z,7.87852,1.49294,5.74489
2026-10-04T01:16:10Z,7.70509,2.03509,5.69175
2026-10-04T01:16:13Z,7.86731,2.11247,4.83385
2026-10-04T01:16:13Z,7.85822,1.18227,6.11299
2026-10-04T01:16:16Z,7.78725,2.36331,6.86789
2026-10-04T01:16:17Z,7.74613,1.77324,6.46996
2026-10-04T01:16:19Z,7.8282,1.92329,5.77752
2026-10-04T01:16:20Z,7.89349,1.48229,4.26301
2026-10-04T01:16:22Z,7.70396,2.17413,5.70488
2026-10-04T01:16:23Z,7.7855,1.57433,5.95136
2026-10-04T01:16:25Z,7.91318,1.46426,3.00872
2026-10-04T01:16:26Z,7.81941,0.879185,5.58627
2026-10-04T01:16:28Z,7.95148,0.988658,3.01769
2026-10-04T01:16:28Z,7.6859,1.65305,3.84352
2026-10-04T01:16:29Z,7.8826,1.17963,6.72512
2026-10-04T01:16:31Z,7.70542,2.20255,6.11342
2026-10-04T01:16:31Z,7.94979,1.96847,3.89183
2026-10-04T01:16:32Z,7.83706,0.866531,5.55694
2026-10-04T01:16:34Z,7.96783,0.546941,3.32486
2026-10-04T01:16:34Z,7.70782,1.45577,4.05712
2026-10-04T01:16:35Z,7.80922,1.17193,6.8935
2026-10-04T01:16:37Z,7.82306,2.02999,6.94896
2026-10-04T01:16:37Z,7.84989,1.28199,6.7172
2026-10-04T01:16:38Z,7.92124,0.69932,5.0133
2026-10-04T01:16:40Z,7.8566,0.915351,4.23131
2026-10-04T01:16:40Z,7.75196,0.520565,4.37171
2026-10-04T01:16:41Z,7.73071,1.51561,6.21353
2026-10-04T01:16:43Z,7.76587,0.881699,5.88398
2026-10-04T01:16:43Z,7.89419,0.892267,4.19078
2026-10-04T01:16:44Z,7.90898,0.957888,3.29722
2026-10-04T01:16:46Z,7.88293,1.73907,6.49533
2026-10-04T01:16:46Z,7.96864,1.90624,6.98105
2026-10-04T01:16:47Z,7.92969,0.86291,4.35774
2026-10-04T01:16:49Z,7.72732,0.711964,3.36236
2026-10-04T01:16:49Z,7.7787,0.516711,3.37853
2026-10-04T01:16:50Z,7.71392,1.79326,5.71347
2026-10-04T01:16:52Z,7.9389,0.755118,3.76753
2026-10-04T01:16:52Z,7.94992,2.2842,4.96547
2026-10-04T01:16:53Z,7.90685,1.06701,4.96932
2026-10-04T01:16:55Z,7.80707,2.4669,3.91801
2026-10-04T01:16:55Z,7.81101,0.804029,3.50352
2026-10-04T01:16:56Z,7.79757,1.9733,5.16903
2026-10-04T01:16:58Z,7.79867,1.0442,5.78791
2026-10-04T01:16:58Z,7.79059,0.842678,5.77873
2026-10-04T01:16:59Z,7.76697,0.6784,5.85407
2026-10-04T01:17:01Z,7.7441,0.553469,5.49591
2026-10-04T01:17:02Z,7.80163,1.53256,3.00391
2026-10-04T01:17:02Z,7.90266,1.12353,4.04748
2026-10-04T01:17:04Z,7.82567,0.905966,4.96985
2026-10-04T01:17:05Z,7.73802,2.34843,3.54178
2026-10-04T01:17:05Z,7.6874,1.56811,6.98801
2026-10-04T01:17:07Z,7.72036,0.604504,3.13973
2026-10-04T01:17:08Z,7.76907,2.10756,6.72663
2026-10-04T01:17:08Z,7.84471,0.930795,3.54856
2026-10-04T01:17:10Z,7.78456,1.90276,6.44468
2026-10-04T01:17:11Z,7.7368,1.66559,3.40604
2026-10-04T01:17:11Z,7.84403,0.678811,3.35674
2026-10-04T01:17:13Z,7.79252,0.63963,6.35278
2026-10-04T01:17:14Z,7.96183,0.507576,3.70127
2026-10-04T01:17:14Z,7.88991,0.696919,5.48955
2026-10-04T01:17:16Z,7.70688,1.36287,3.94453
2026-10-04T01:17:17Z,7.83123,1.4199,3.02597
2026-10-04T01:17:17Z,7.93818,1.24966,5.8543
2026-10-04T01:17:19Z,7.89871,0.659282,5.31422
2026-10-04T01:17:20Z,7.89497,2.07253,6.44446
2026-10-04T01:17:20Z,7.97986,2.26512,3.44327
2026-10-04T01:17:22Z,7.79123,1.69749,5.31618
2026-10-04T01:17:23Z,7.76176,1.39022,5.82234
2026-10-04T01:17:23Z,7.73627,1.38595,5.67778
2026-10-04T01:17:25Z,7.90451,1.3361,5.39857
2026-10-04T01:17:26Z,7.92626,2.0225,6.19855
2026-10-04T01:17:26Z,7.78405,2.16379,6.3206
2026-10-04T01:17:28Z,7.7973,1.13864,5.67287
2026-10-04T01:17:29Z,7.96349,2.23724,6.7729
2026-10-04T01:17:29Z,7.82662,0.900324,3.76676
2026-10-04T01:17:32Z,7.69928,2.21946,6.66922
2026-10-04T01:17:32Z,7.89684,1.565,5.14255
2026-10-04T01:17:32Z,7.94081,1.10877,3.71966
2026-10-04T01:17:35Z,7.94463,0.785466,3.98986
2026-10-04T01:17:35Z,7.7982,0.722562,6.97172
2026-10-04T01:17:35Z,7.79876,2.40411,5.58393
2026-10-04T01:17:38Z,7.71734,2.05373,5.76622
2026-10-04T01:17:38Z,7.81372,1.02277,5.83333
2026-10-04T01:17:38Z,7.96488,2.49906,6.17954
2026-10-04T01:17:41Z,7.77474,1.34243,5.12151
2026-10-04T01:17:41Z,7.70022,0.647909,4.60607
2026-10-04T01:17:41Z,7.97153,1.04613,3.04818
2026-10-04T01:17:44Z,7.71901,1.4015,4.69853
2026-10-04T01:17:44Z,7.786,1.19709,3.14448
2026-10-04T01:17:44Z,7.70103,0.756073,5.12217
2026-10-04T01:17:47Z,7.84699,1.80294,6.16917
2026-10-04T01:17:47Z,7.94972,1.99815,6.96418
2026-10-04T01:17:47Z,7.75539,1.42727,5.24129
2026-10-04T01:17:50Z,7.85572,0.969534,3.80587
2026-10-04T01:17:50Z,7.95278,2.28254,6.12197
2026-10-04T01:17:50Z,7.68421,1.69316,3.87965
2026-10-04T01:17:53Z,7.94197,1.69393,4.87434
2026-10-04T01:17:53Z,7.87851,1.00135,6.01384
2026-10-04T01:17:53Z,7.94566,1.20955,3.13249
2026-10-04T01:17:56Z,7.69866,0.576134,6.66108
2026-10-04T01:17:56Z,7.77763,1.89645,3.37264
2026-10-04T01:17:56Z,7.8459,0.827235,6.53464
2026-10-04T01:17:59Z,7.80844,1.15743,6.01919
2026-10-04T01:17:59Z,7.8174,1.55171,6.09043
2026-10-04T01:17:59Z,7.84054,2.20319,5.8604
2026-10-04T01:18:02Z,7.84475,0.597428,5.94553
2026-10-04T01:18:02Z,7.69844,1.9942,6.01819
2026-10-04T01:18:02Z,7.92915,2.22465,5.55403
2026-10-04T01:18:05Z,7.75879,0.613461,3.39235
2026-10-04T01:18:05Z,7.86729,1.76606,6.07523
2026-10-04T01:18:05Z,7.92976,2.22573,3.46617
2026-10-04T01:18:08Z,7.73311,1.52674,4.456
2026-10-04T01:18:08Z,7.81981,0.977629,5.78735
2026-10-04T01:18:08Z,7.84511,1.65908,4.31461
2026-10-04T01:18:11Z,7.97259,1.08806,6.47237
2026-10-04T01:18:11Z,7.79006,2.18319,5.61452
2026-10-04T01:18:11Z,7.83244,1.57345,5.53311
2026-10-04T01:18:14Z,7.73997,1.48157,3.82271
2026-10-04T01:18:14Z,7.92196,2.49237,6.24108
2026-10-04T01:18:14Z,7.94116,2.46042,6.61057
2026-10-04T01:18:17Z,7.92237,2.26014,5.42015
2026-10-04T01:18:17Z,7.95991,0.873274,6.13767
2026-10-04T01:18:17Z,7.84258,0.751761,3.60422
2026-10-04T01:18:20Z,7.89621,1.98147,5.58658
2026-10-04T01:18:20Z,7.90612,2.30993,5.2793
2026-10-04T01:18:20Z,7.94272,2.43144,4.01525
2026-10-04T01:18:23Z,7.79123,2.26136,3.84872
2026-10-04T01:18:23Z,7.70086,0.986414,5.17201
2026-10-04T01:18:23Z,7.78393,1.86387,4.07425
2026-10-04T01:18:26Z,7.73303,0.865169,4.57845
2026-10-04T01:18:26Z,7.82679,2.18263,3.23593
2026-10-04T01:18:26Z,7.94543,1.39857,6.39925
2026-10-04T01:18:29Z,7.69568,2.3174,4.30571
2026-10-04T01:18:29Z,7.92212,1.98473,3.44325
2026-10-04T01:18:29Z,7.81222,0.980903,6.76357
