2026-10-04T01:15:43Z,303.041,12.6847,-5.73146,11.7929,211235
2026-10-04T01:15:43Z,424.379,8.03228,9.45665,10.4092,200019
2026-10-04T01:15:50Z,422.2,5.1699,-4.25766,8.22519,190826
2026-10-04T01:15:50Z,383.616,2.08565,-2.84162,10.4713,188188
2026-10-04T01:15:57Z,765.363,11.4302,-6.67134,6.55657,82229.4
2026-10-04T01:15:57Z,457.032,19.3968,-5.98787,14.1095,79936
2026-10-04T01:16:04Z,715.241,19.5743,-4.58836,12.3913,204772
2026-10-04T01:16:04Z,300.306,13.8435,-8.47072,3.99405,191444
2026-10-04T01:16:11Z,409.794,18.2204,-0.601821,2.78864,155031
2026-10-04T01:16:12Z,543.947,18.3479,-4.89634,5.79771,189509
2026-10-04T01:16:18Z,543.403,13.4242,-9.49623,1.09038,195480
2026-10-04T01:16:19Z,788.962,2.34212,6.18783,7.11376,160849
2026-10-04T01:16:25Z,772.334,10.0524,6.18022,2.58624,200606
2026-10-04T01:16:26Z,591.066,3.10378,3.29057,14.0446,116900
2026-10-04T01:16:28Z,751.307,16.2527,-4.79062,2.0532,150163
2026-10-04T01:16:32Z,764.115,3.76817,0.873534,2.13646,73038.5
2026-10-04T01:16:33Z,731.946,11.2352,9.91057,10.8326,86961.3
2026-10-04T01:16:35Z,360.063,5.69605,-5.90302,13.3062,110601
2026-10-04T01:16:39Z,426.819,16.3987,-2.36416,1.47614,174269
2026-10-04T01:16:40Z,758.512,18.8358,-0.932872,15.6477,212228
2026-10-04T01:16:42Z,475.467,17.2783,-8.78729,5.73042,115330
2026-10-04T01:16:46Z,750.68,11.2991,-0.00896907,1.67188,147213
2026-10-04T01:16:47Z,560.55,6.76743,-6.99591,9.90928,174149
2026-10-04T01:16:49Z,353.367,7.05013,2.89227,9.09652,54911.9
2026-10-04T01:16:53Z,768.382,8.76375,9.57698,1.76405,64009.4
2026-10-04T01:16:54Z,478.97,3.07133,6.08818,15.3192,50496.6
2026-10-04T01:16:56Z,464.679,9.21151,-3.8167,10.0513,133562
2026-10-04T01:17:00Z,624.593,9.86756,-6.4093,12.846,113362
2026-10-04T01:17:01Z,460.401,4.82934,3.7239,2.91057,196268
2026-10-04T01:17:03Z,622.278,1.16248,9.28852,3.68755,187500
2026-10-04T01:17:07Z,570.24,8.42541,-3.99105,12.7417,157257
2026-10-04T01:17:08Z,663.636,13.4149,-3.83942,1.01875,97882.5
