2026-10-04T01:15:43Z,schumann=7.84351,2.2448,5.05767,geomag=20177.9,-5026.28,45134.1,49183,-13.9876,66.5887,solar=759.325,5.76356,1.13756,10.3043,135189,kp=8,gic=0.000287236,LOW,coupling=1.12199,5.88766e-19,0.191963
2026-10-04T01:15:43Z,schumann=7.84659,1.05421,6.96538,geomag=20130.2,-4909.07,44970.2,49024.9,-13.705,66.5334,solar=786.217,11.612,9.98653,6.8815,146326,kp=6,gic=3.01201e-05,LOW,coupling=0.526815,2.87714e-19,0.0898944
2026-10-04T01:15:53Z,schumann=7.94814,1.42391,5.43467,geomag=19786.2,-4948.77,44997.3,48905.6,-14.0423,66.9385,solar=750.566,19.2369,-7.26791,6.97993,221495,kp=6,gic=0.00016724,LOW,coupling=0.692356,1.42647e-18,0.110268
2026-10-04T01:15:53Z,schumann=7.91459,1.04318,6.67369,geomag=19952.1,-5094.51,44851.6,48824.2,-14.3237,66.7275,solar=432.398,3.1411,7.87805,11.3201,117091,kp=5,gic=0.000581007,LOW,coupling=0.514179,6.8163e-19,0.0834441
2026-10-04T01:16:03Z,schumann=7.74612,0.667273,5.39475,geomag=19977.9,-4915.03,45116.7,49096.6,-13.8216,66.7713,solar=673.837,7.76296,4.3398,10.7011,248693,kp=8,gic=0.000266984,LOW,coupling=0.328975,4.92927e-20,0.062273
2026-10-04T01:16:03Z,schumann=7.74765,1.87027,3.60705,geomag=19913.5,-5010.16,44851.9,48817.4,-14.1223,66.7468,solar=487.663,9.73012,3.125,12.2996,233090,kp=6,gic=3.17818e-05,LOW,coupling=0.922537,1.40959e-19,0.174309
2026-10-04T01:16:13Z,schumann=7.80039,1.7344,6.04991,geomag=19760.8,-5033.06,44891.1,48789,-14.2894,66.9417,solar=368.551,19.9923,2.98316,13.322,69478.1,kp=5,gic=0.000946882,LOW,coupling=0.865681,2.60188e-19,0.154258
2026-10-04T01:16:14Z,schumann=7.87692,0.563535,3.87507,geomag=19975.2,-5006.58,45146.2,49113.4,-14.0708,66.813,solar=401.325,8.95633,6.54591,2.17189,240242,kp=1,gic=0.000161728,LOW,coupling=0.28053,2.27282e-19,0.0467159
2026-10-04T01:16:24Z,schumann=7.78021,2.10325,5.06948,geomag=20089.5,-5007.09,44903.4,48937,-13.9952,66.5742,solar=621.548,6.76056,-9.05768,2.99717,237310,kp=2,gic=0.000809125,LOW,coupling=1.04642,2.4262e-19,0.190474
2026-10-04T01:16:24Z,schumann=7.78995,2.46528,5.97254,geomag=19776,-5018.18,44943.4,48844.8,-14.2384,66.9446,solar=324.822,16.5077,-1.78331,15.5265,244312,kp=5,gic=0.000616271,LOW,coupling=1.22869,3.22863e-19,0.221327
2026-10-04T01:16:28Z,schumann=7.79472,1.16736,6.78861,geomag=19994,-4900.44,44956.4,48957.4,-13.7715,66.6755,solar=344.387,19.6673,9.95732,14.3228,96681.6,kp=5,gic=0.00046836,LOW,coupling=0.582229,1.62675e-19,0.104356
2026-10-04T01:16:34Z,schumann=7.90528,0.683487,6.75194,geomag=20112.2,-5097.24,45114.7,49131,-14.2216,66.6721,solar=797.598,20.3178,-2.25521,11.9316,174257,kp=9,gic=0.000380491,LOW,coupling=0.337892,3.96503e-19,0.0551605
2026-10-04T01:16:34Z,schumann=7.92373,0.525533,5.6275,geomag=20236.2,-4961.06,45001.5,49092,-13.7748,66.445,solar=790.763,7.34252,3.33798,8.40001,147412,kp=7,gic=0.000552876,LOW,coupling=0.25819,3.85875e-19,0.0416704
2026-10-04T01:16:38Z,schumann=7.89402,2.37113,6.87033,geomag=20136.5,-4926.38,44970.6,49026.2,-13.7474,66.5313,solar=509.524,15.0996,-3.64544,14.0519,144356,kp=8,gic=0.00118444,LOW,coupling=1.17589,1.1909e-18,0.193418
2026-10-04T01:16:44Z,schumann=7.97033,1.33514,4.79227,geomag=20060.7,-5063.64,45099.2,49099.2,-14.1665,66.7126,solar=643.045,9.78012,9.30507,13.762,55086.2,kp=9,gic=0.000347638,LOW,coupling=0.641789,1.77222e-18,0.10117
2026-10-04T01:16:44Z,schumann=7.70583,0.700413,4.81258,geomag=19762.3,-5086.87,44962.2,48849.5,-14.4348,66.9881,solar=738.365,3.28606,3.64852,10.8979,237746,kp=8,gic=0.000700764,LOW,coupling=0.339572,3.0463e-20,0.0676785
2026-10-04T01:16:48Z,schumann=7.71851,1.29099,5.00659,geomag=19984.3,-4984.76,44976.3,48963.2,-14.0057,66.7186,solar=648.23,16.4144,0.270721,13.0502,186527,kp=9,gic=0.00114606,LOW,coupling=0.629646,6.63586e-20,0.123397
2026-10-04T01:16:54Z,schumann=7.89351,1.35805,3.10665,geomag=20199.4,-4975.49,45147.6,49209.4,-13.8376,66.5574,solar=489.936,10.6361,1.23816,12.2816,112526,kp=6,gic=5.15322e-05,LOW,coupling=0.673569,6.77636e-19,0.110833
2026-10-04T01:16:54Z,schumann=7.84846,1.48025,6.09602,geomag=19901.3,-5002.98,44988.9,48939.1,-14.1112,66.8217,solar=384.138,20.847,7.48555,12.8135,180921,kp=5,gic=9.88678e-05,LOW,coupling=0.739621,4.13856e-19,0.126006
2026-10-04T01:16:58Z,schumann=7.96013,2.01657,5.082,geomag=19851.3,-5090.99,44955.2,48878.7,-14.3839,66.8867,solar=752.327,6.7593,-1.92846,4.58425,172290,kp=4,gic=0.000945475,LOW,coupling=0.974709,2.35223e-18,0.154345
2026-10-04T01:17:04Z,schumann=7.92359,2.16109,4.25117,geomag=20245.4,-5082.57,45134.6,49205.4,-14.0928,66.53,solar=361.36,6.36839,-1.21715,3.39761,238372,kp=1,gic=0.000300091,LOW,coupling=1.06178,1.58396e-18,0.17138
2026-10-04T01:17:04Z,schumann=7.95208,0.621182,6.69179,geomag=19988.7,-4961.16,44905.9,48902.7,-13.9391,66.6746,solar=357.877,16.8915,-2.27349,2.34529,240195,kp=1,gic=0.000906657,LOW,coupling=0.30147,6.54228e-19,0.04792
