=== HEARTBEAT 2026-10-10 06:08:21 UTC ===
Project: AegisOutfitFabricator
Branch: kilo/peach-dawn-gsm
Commit: 400937442
Remote: https://x-access-token:kcp1.c2VzLTg5YThjMDNkMTMzZmRiZGUyMGY2YzhlNzM3ZDQwZmY2NTA4ZDMyZGE3YTVmYTQxNA.github.0e9a31007745959d7e303dff136a31b8239ee0dcec3104b75ab08e4ff936e971@github.com/PrimeCarrPod/Seed.git
Uncommitted changes: 10

--- Framework Files ---
heartbeat.sh: yes
RESUME_SESSION.md: yes
NEXT_RUNNER_001.md: yes
README.md: no
MASTER_TODO_A.md: yes
MASTER_TODO_B.md: yes
MASTER_TODO_C.md: yes

--- Research Files ---
Historical Dress Construction: yes
Advanced Textile Stitching: yes

--- CSMFAB078 Reference ---
Main Fabrication Plan: yes
Leaf Edition Spec: yes
Threat Protection: yes
Image Prompts Dir: yes

--- GitHub Handler ---
github_handler.sh: yes

--- Document Pipeline Status ---
Documents Authored (Framework): 3
Documents in Pieces (zipped): 1
Documents Finished (reassembled): 0
Total Individual Pieces: 13
Total Zip Archives: 1

--- Target Progress ---
Target Documents: 150 (50 Core + 50 RM + 50 RW)
Target Pieces: 1,950 (150 × 13)
Target Zips: 150
Target Image Prompts: 10 (5 RM + 5 RW)

Note: Created NEXT_RUNNER_001.md (1204 lines) → split into 13 pieces + manifest + zip → verified clean reassembly

=== HEARTBEAT 2026-10-10 06:49:42 UTC ===
Project: AegisOutfitFabricator
Branch: kilo/peach-dawn-gsm
Commit: 400937442
Remote: https://x-access-token:kcp1.c2VzLTg5YThjMDNkMTMzZmRiZGUyMGY2YzhlNzM3ZDQwZmY2NTA4ZDMyZGE3YTVmYTQxNA.github.0e9a31007745959d7e303dff136a31b8239ee0dcec3104b75ab08e4ff936e971@github.com/PrimeCarrPod/Seed.git
Uncommitted changes: 17

--- Framework Files ---
heartbeat.sh: yes
RESUME_SESSION.md: yes
NEXT_RUNNER_001.md: yes
README.md: yes
MASTER_TODO_A.md: yes
MASTER_TODO_B.md: yes
MASTER_TODO_C.md: yes

--- Research Files ---
Historical Dress Construction: yes
Advanced Textile Stitching: yes

--- CSMFAB078 Reference ---
Main Fabrication Plan: yes
Leaf Edition Spec: yes
Threat Protection: yes
Image Prompts Dir: yes

--- GitHub Handler ---
github_handler.sh: yes

--- Document Pipeline Status ---
Documents Authored (Framework): 3
Documents in Pieces (zipped): 2
Documents Finished (reassembled): 0
Total Individual Pieces: 26
Total Zip Archives: 2

--- Target Progress ---
Target Documents: 150 (50 Core + 50 RM + 50 RW)
Target Pieces: 1,950 (150 × 13)
Target Zips: 150
Target Image Prompts: 10 (5 RM + 5 RW)

Note: Created README.md (1202 lines) → split into 13 pieces + manifest + zip → verified clean reassembly. All Framework files complete.

